I'm sorry, but errors were detected in your script. Please correct the
errors listed below, and try again.


File "game/script.rpy", line 778: could not parse statement.
    play sound "music/gammaray.wav";
                                   ^

File "game/script.rpy", line 779: end of line expected.
    centered " ";
                ^

Ren'Py Version: Ren'Py 6.18.3.761
